// Jest Snapshot v1, https://goo.gl/fbAQLP

exports[`wrapper block Background color should be applied 1`] = `"<!-- wp:e2e-tests-example/wrapper-block {\\"bgColor\\":\\"orange\\"} /-->"`;

exports[`wrapper block Margin bottom should be applied 1`] = `"<!-- wp:e2e-tests-example/wrapper-block {\\"marginBottom\\":true} /-->"`;

exports[`wrapper block Wrapper block should be available 1`] = `"<!-- wp:e2e-tests-example/wrapper-block /-->"`;
